// Vitest Snapshot v1, https://vitest.dev/guide/snapshot.html

exports[`utils > urls > buildForm 1`] = `
[
  {
    "data_group": "caseInfo",
    "data_sensitivity": "orgSensitive",
    "field_key": "property_info",
    "field_parent_key": null,
    "help_t": null,
    "html_type": "checkbox",
    "if_selected_then_work_type": null,
    "invalidated_at": null,
    "is_read_only": false,
    "is_read_only_default": true,
    "is_required": false,
    "is_required_default": false,
    "label_t": "Transexual",
    "list_order": 38091,
    "order_label": 53097,
    "phase": 4,
    "placeholder_t": "defendo",
    "read_only_break_glass": false,
    "validation": "string",
    "values": null,
    "values_default_t": null,
  },
  {
    "data_group": "caseInfo",
    "data_sensitivity": "verySensitive",
    "field_key": "children_in_home",
    "field_parent_key": null,
    "help_t": null,
    "html_type": "text",
    "if_selected_then_work_type": null,
    "invalidated_at": null,
    "is_read_only": false,
    "is_read_only_default": true,
    "is_required": false,
    "is_required_default": true,
    "label_t": "Virginia",
    "list_order": 19900,
    "order_label": 20265,
    "phase": 4,
    "placeholder_t": null,
    "read_only_break_glass": true,
    "validation": "string",
    "values": null,
    "values_default_t": null,
  },
  {
    "data_group": "caseInfo",
    "data_sensitivity": "sensitive",
    "field_key": "first_responder",
    "field_parent_key": null,
    "help_t": null,
    "html_type": "select",
    "if_selected_then_work_type": null,
    "invalidated_at": null,
    "is_read_only": false,
    "is_read_only_default": true,
    "is_required": false,
    "is_required_default": false,
    "label_t": "Guyana",
    "list_order": 58735,
    "order_label": 66952,
    "phase": 4,
    "placeholder_t": "votum",
    "read_only_break_glass": true,
    "validation": "string",
    "values": null,
    "values_default_t": null,
  },
  {
    "data_group": "caseInfo",
    "data_sensitivity": "orgSensitive",
    "field_key": "veteran",
    "field_parent_key": null,
    "help_t": "Arceo culpa conduco volutabrum benigne corpus traho.",
    "html_type": "select",
    "if_selected_then_work_type": null,
    "invalidated_at": null,
    "is_read_only": false,
    "is_read_only_default": true,
    "is_required": false,
    "is_required_default": true,
    "label_t": "Bedfordshire",
    "list_order": 18248,
    "order_label": 11536,
    "phase": 4,
    "placeholder_t": null,
    "read_only_break_glass": false,
    "validation": "string",
    "values": null,
    "values_default_t": null,
  },
  {
    "data_group": "caseInfo",
    "data_sensitivity": "sensitive",
    "field_key": "primary_language",
    "field_parent_key": null,
    "help_t": null,
    "html_type": "checkbox",
    "if_selected_then_work_type": null,
    "invalidated_at": null,
    "is_read_only": true,
    "is_read_only_default": false,
    "is_required": true,
    "is_required_default": false,
    "label_t": "teal",
    "list_order": 86054,
    "order_label": 88201,
    "phase": 4,
    "placeholder_t": "absque",
    "read_only_break_glass": true,
    "validation": "string",
    "values": null,
    "values_default_t": null,
  },
  {
    "data_group": "personalInfo",
    "data_sensitivity": "sensitive",
    "field_key": "rebuild_details",
    "field_parent_key": null,
    "help_t": null,
    "html_type": "checkbox",
    "if_selected_then_work_type": null,
    "invalidated_at": null,
    "is_read_only": false,
    "is_read_only_default": true,
    "is_required": true,
    "is_required_default": true,
    "label_t": "Sedan",
    "list_order": 32788,
    "order_label": 56401,
    "phase": 4,
    "placeholder_t": "supellex",
    "read_only_break_glass": false,
    "validation": "string",
    "values": null,
    "values_default_t": null,
  },
  {
    "data_group": "workInfo",
    "data_sensitivity": "verySensitive",
    "field_key": "debris_status",
    "field_parent_key": null,
    "help_t": "Vere caelum cura tutamen.",
    "html_type": "textarea",
    "if_selected_then_work_type": null,
    "invalidated_at": null,
    "is_read_only": true,
    "is_read_only_default": true,
    "is_required": true,
    "is_required_default": false,
    "label_t": "THX",
    "list_order": 38999,
    "order_label": 28871,
    "phase": 4,
    "placeholder_t": "ustulo",
    "read_only_break_glass": false,
    "validation": "string",
    "values": null,
    "values_default_t": null,
  },
  {
    "data_group": "personalInfo",
    "data_sensitivity": "sensitive",
    "field_key": "prepared_by",
    "field_parent_key": null,
    "help_t": "Adflicto speciosus saepe quia temptatio alias vulnero alius rerum pecus.",
    "html_type": "textarea",
    "if_selected_then_work_type": null,
    "invalidated_at": null,
    "is_read_only": false,
    "is_read_only_default": false,
    "is_required": false,
    "is_required_default": true,
    "label_t": "efficient",
    "list_order": 68558,
    "order_label": 73623,
    "phase": 4,
    "placeholder_t": "suppellex",
    "read_only_break_glass": false,
    "validation": "string",
    "values": null,
    "values_default_t": null,
  },
  {
    "data_group": "personalInfo",
    "data_sensitivity": "orgSensitive",
    "field_key": "do_not_work_before",
    "field_parent_key": null,
    "help_t": null,
    "html_type": "textarea",
    "if_selected_then_work_type": null,
    "invalidated_at": null,
    "is_read_only": true,
    "is_read_only_default": false,
    "is_required": false,
    "is_required_default": false,
    "label_t": "plum",
    "list_order": 48836,
    "order_label": 49828,
    "phase": 4,
    "placeholder_t": "corporis",
    "read_only_break_glass": false,
    "validation": "string",
    "values": null,
    "values_default_t": null,
  },
  {
    "data_group": "personalInfo",
    "data_sensitivity": "verySensitive",
    "field_key": "claim_status_report_info_end",
    "field_parent_key": null,
    "help_t": null,
    "html_type": "checkbox",
    "if_selected_then_work_type": null,
    "invalidated_at": null,
    "is_read_only": true,
    "is_read_only_default": true,
    "is_required": true,
    "is_required_default": false,
    "label_t": "Devon",
    "list_order": 39773,
    "order_label": 26786,
    "phase": 4,
    "placeholder_t": "tutamen",
    "read_only_break_glass": false,
    "validation": "string",
    "values": null,
    "values_default_t": null,
  },
]
`;

exports[`utils > urls > nest 1`] = `
[
  {
    "children": [],
    "field_key": "aa4",
    "field_parent_key": null,
    "id": 4,
    "name": "Abc4",
  },
  {
    "children": [],
    "field_key": "aa5",
    "field_parent_key": null,
    "id": 5,
    "name": "Abc5",
  },
  {
    "children": [],
    "field_key": "aa6",
    "field_parent_key": null,
    "id": 6,
    "name": "Abc6",
  },
]
`;

exports[`utils > urls > nest 2`] = `
[
  {
    "children": [],
    "field_key": "aa7",
    "field_parent_key": "a2",
    "id": 7,
    "name": "Abc7",
  },
  {
    "children": [],
    "field_key": "aa8",
    "field_parent_key": "a2",
    "id": 8,
    "name": "Abc8",
  },
]
`;

exports[`utils > urls > nest 3`] = `
[
  {
    "children": [],
    "field_key": "aa1",
    "field_parent_key": "a1",
    "id": 1,
    "name": "Abc1",
  },
  {
    "children": [],
    "field_key": "aa2",
    "field_parent_key": "a1",
    "id": 2,
    "name": "Abc2",
  },
  {
    "children": [],
    "field_key": "aa3",
    "field_parent_key": "a1",
    "id": 3,
    "name": "Abc3",
  },
]
`;

exports[`utils > urls > nestUsers 1`] = `
[
  {
    "accepted_terms": null,
    "accepted_terms_timestamp": null,
    "active_roles": [
      1,
    ],
    "children": [
      {
        "accepted_terms": null,
        "accepted_terms_timestamp": null,
        "active_roles": [
          4,
        ],
        "children": [
          {
            "accepted_terms": null,
            "accepted_terms_timestamp": null,
            "active_roles": [
              1,
            ],
            "children": [],
            "email": "Nikki_Stokes79@yahoo.com",
            "files": [],
            "first_name": "Ivah",
            "id": 4,
            "label": "Ivah Kshlerin",
            "last_name": "Kshlerin",
            "last_sign_in_at": null,
            "lineage": [
              2,
              5,
              10,
              9,
              8,
              4,
              3,
              1,
              6,
              7,
            ],
            "mobile": "689-570-4139 x6118",
            "organization": {
              "affiliates": [
                9,
              ],
              "all_affiliates_and_groups": [
                7,
                8,
              ],
              "id": 48370,
              "is_active": false,
              "name": "Wuckert and Sons",
              "roles": [
                7,
                2,
                10,
                9,
                6,
                8,
                4,
                5,
                3,
                1,
              ],
              "type_t": "orgType.survivor_client_services",
            },
            "pending_roles": [],
            "primary_language": 3,
            "referring_user": 3,
            "roles": [
              1,
            ],
            "secondary_language": null,
            "sign_in_count": 0,
            "social": null,
          },
        ],
        "email": "Elna_Bartell@hotmail.com",
        "files": [],
        "first_name": "Ava",
        "id": 3,
        "label": "Ava Champlin",
        "last_name": "Champlin",
        "last_sign_in_at": null,
        "lineage": [
          4,
          9,
          8,
          6,
          1,
          5,
        ],
        "mobile": "(544) 825-6086",
        "organization": {
          "affiliates": [
            5,
            9,
            6,
          ],
          "all_affiliates_and_groups": [
            1,
            9,
            7,
            10,
            4,
            3,
            5,
            2,
          ],
          "id": 61568,
          "is_active": false,
          "name": "Veum, Mitchell and Bernier",
          "roles": [
            8,
            4,
            7,
          ],
          "type_t": "orgType.survivor_client_services",
        },
        "pending_roles": [],
        "primary_language": 2,
        "referring_user": 2,
        "roles": [
          4,
        ],
        "secondary_language": null,
        "sign_in_count": 0,
        "social": null,
      },
    ],
    "email": "Ford_Corkery64@yahoo.com",
    "files": [],
    "first_name": "Ruth",
    "id": 2,
    "label": "Ruth Dooley",
    "last_name": "Dooley",
    "last_sign_in_at": null,
    "lineage": [
      8,
    ],
    "mobile": "931.288.1059",
    "organization": {
      "affiliates": [
        3,
        6,
        1,
      ],
      "all_affiliates_and_groups": [
        8,
        4,
        7,
        10,
      ],
      "id": 84854,
      "is_active": true,
      "name": "Weimann Inc",
      "roles": [
        5,
        2,
        6,
        7,
        3,
        1,
        4,
        10,
        8,
        9,
      ],
      "type_t": "orgType.survivor_client_services",
    },
    "pending_roles": [],
    "primary_language": 2,
    "referring_user": 1,
    "roles": [
      1,
    ],
    "secondary_language": null,
    "sign_in_count": 0,
    "social": null,
  },
]
`;
